<?xml version="1.0" encoding="utf-8"?>
<assemblies>
  <assembly name="C:\Users\nicolas.rose\Documents\Repositories\PokerBot\PokerBotUnitTests\bin\Debug\Nicomputer.PokerBot.UnitTests.DLL" environment="64-bit .NET 4.0.30319.42000 [collection-per-class, non-parallel]" test-framework="xUnit.net 2.1.0.3179" run-date="2016-08-10" run-time="09:27:09" config-file="C:\Users\nicolas.rose\Documents\Repositories\PokerBot\packages\xunit.runner.console.2.1.0\tools\xunit.console.exe.Config" total="168" passed="167" failed="0" skipped="1" time="1.100" errors="0">
    <errors />
    <collection total="28" passed="28" failed="0" skipped="0" name="Test collection for Nicomputer.PokerBot.UnitTests.Cards.HoleCardsUnitTests" time="0.093">
      <test name="Nicomputer.PokerBot.UnitTests.Cards.HoleCardsUnitTests.Initialize_Hand_With_Shortname_Suited" type="Nicomputer.PokerBot.UnitTests.Cards.HoleCardsUnitTests" method="Initialize_Hand_With_Shortname_Suited" time="0.0024085" result="Pass">
        <traits>
          <trait name="Category" value="HoleCards" />
        </traits>
      </test>
      <test name="Nicomputer.PokerBot.UnitTests.Cards.HoleCardsUnitTests.BillChenValue_Straight_1" type="Nicomputer.PokerBot.UnitTests.Cards.HoleCardsUnitTests" method="BillChenValue_Straight_1" time="0.015842" result="Pass">
        <traits>
          <trait name="Category" value="HoleCards" />
        </traits>
      </test>
      <test name="Nicomputer.PokerBot.UnitTests.Cards.HoleCardsUnitTests.BillChenGroupValue_8" type="Nicomputer.PokerBot.UnitTests.Cards.HoleCardsUnitTests" method="BillChenGroupValue_8" time="0.0128263" result="Pass">
        <traits>
          <trait name="Category" value="HoleCards" />
        </traits>
      </test>
      <test name="Nicomputer.PokerBot.UnitTests.Cards.HoleCardsUnitTests.Hand_JhAd_Shortname_Is_AdJh" type="Nicomputer.PokerBot.UnitTests.Cards.HoleCardsUnitTests" method="Hand_JhAd_Shortname_Is_AdJh" time="0.001739" result="Pass">
        <traits>
          <trait name="Category" value="HoleCards" />
        </traits>
      </test>
      <test name="Nicomputer.PokerBot.UnitTests.Cards.HoleCardsUnitTests.Initialize_Hand_With_CardObjects" type="Nicomputer.PokerBot.UnitTests.Cards.HoleCardsUnitTests" method="Initialize_Hand_With_CardObjects" time="0.0007209" result="Pass">
        <traits>
          <trait name="Category" value="HoleCards" />
        </traits>
      </test>
      <test name="Nicomputer.PokerBot.UnitTests.Cards.HoleCardsUnitTests.Hand_ToString_Is_LongName" type="Nicomputer.PokerBot.UnitTests.Cards.HoleCardsUnitTests" method="Hand_ToString_Is_LongName" time="0.0012769" result="Pass">
        <traits>
          <trait name="Category" value="HoleCards" />
        </traits>
      </test>
      <test name="Nicomputer.PokerBot.UnitTests.Cards.HoleCardsUnitTests.Initialize_Hand_With_CardShortnames" type="Nicomputer.PokerBot.UnitTests.Cards.HoleCardsUnitTests" method="Initialize_Hand_With_CardShortnames" time="0.0007222" result="Pass">
        <traits>
          <trait name="Category" value="HoleCards" />
        </traits>
      </test>
      <test name="Nicomputer.PokerBot.UnitTests.Cards.HoleCardsUnitTests.Hand_ThTc_Is_Pair" type="Nicomputer.PokerBot.UnitTests.Cards.HoleCardsUnitTests" method="Hand_ThTc_Is_Pair" time="0.0005461" result="Pass">
        <traits>
          <trait name="Category" value="HoleCards" />
        </traits>
      </test>
      <test name="Nicomputer.PokerBot.UnitTests.Cards.HoleCardsUnitTests.Hand_7dKc_LowCard_Is_7d" type="Nicomputer.PokerBot.UnitTests.Cards.HoleCardsUnitTests" method="Hand_7dKc_LowCard_Is_7d" time="0.0006523" result="Pass">
        <traits>
          <trait name="Category" value="HoleCards" />
        </traits>
      </test>
      <test name="Nicomputer.PokerBot.UnitTests.Cards.HoleCardsUnitTests.Initialize_Hand_With_Shortname" type="Nicomputer.PokerBot.UnitTests.Cards.HoleCardsUnitTests" method="Initialize_Hand_With_Shortname" time="0.0007479" result="Pass">
        <traits>
          <trait name="Category" value="HoleCards" />
        </traits>
      </test>
      <test name="Nicomputer.PokerBot.UnitTests.Cards.HoleCardsUnitTests.BillChenGroupValue_9" type="Nicomputer.PokerBot.UnitTests.Cards.HoleCardsUnitTests" method="BillChenGroupValue_9" time="0.0047432" result="Pass">
        <traits>
          <trait name="Category" value="HoleCards" />
        </traits>
      </test>
      <test name="Nicomputer.PokerBot.UnitTests.Cards.HoleCardsUnitTests.BillChenGroupValue_6" type="Nicomputer.PokerBot.UnitTests.Cards.HoleCardsUnitTests" method="BillChenGroupValue_6" time="0.0045289" result="Pass">
        <traits>
          <trait name="Category" value="HoleCards" />
        </traits>
      </test>
      <test name="Nicomputer.PokerBot.UnitTests.Cards.HoleCardsUnitTests.BillChenGroupValue_2" type="Nicomputer.PokerBot.UnitTests.Cards.HoleCardsUnitTests" method="BillChenGroupValue_2" time="0.0027293" result="Pass">
        <traits>
          <trait name="Category" value="HoleCards" />
        </traits>
      </test>
      <test name="Nicomputer.PokerBot.UnitTests.Cards.HoleCardsUnitTests.BillChenValue_27_Is_Minus1" type="Nicomputer.PokerBot.UnitTests.Cards.HoleCardsUnitTests" method="BillChenValue_27_Is_Minus1" time="0.000831" result="Pass">
        <traits>
          <trait name="Category" value="HoleCards" />
        </traits>
      </test>
      <test name="Nicomputer.PokerBot.UnitTests.Cards.HoleCardsUnitTests.BillChenGroupValue_1" type="Nicomputer.PokerBot.UnitTests.Cards.HoleCardsUnitTests" method="BillChenGroupValue_1" time="0.0027067" result="Pass">
        <traits>
          <trait name="Category" value="HoleCards" />
        </traits>
      </test>
      <test name="Nicomputer.PokerBot.UnitTests.Cards.HoleCardsUnitTests.BillChenGroupValue_4" type="Nicomputer.PokerBot.UnitTests.Cards.HoleCardsUnitTests" method="BillChenGroupValue_4" time="0.0049057" result="Pass">
        <traits>
          <trait name="Category" value="HoleCards" />
        </traits>
      </test>
      <test name="Nicomputer.PokerBot.UnitTests.Cards.HoleCardsUnitTests.Hand_3hAd_Shortname_Is_A3" type="Nicomputer.PokerBot.UnitTests.Cards.HoleCardsUnitTests" method="Hand_3hAd_Shortname_Is_A3" time="0.0008396" result="Pass">
        <traits>
          <trait name="Category" value="HoleCards" />
        </traits>
      </test>
      <test name="Nicomputer.PokerBot.UnitTests.Cards.HoleCardsUnitTests.Hand_2h3h_Shortname_Is_32s" type="Nicomputer.PokerBot.UnitTests.Cards.HoleCardsUnitTests" method="Hand_2h3h_Shortname_Is_32s" time="0.0007334" result="Pass">
        <traits>
          <trait name="Category" value="HoleCards" />
        </traits>
      </test>
      <test name="Nicomputer.PokerBot.UnitTests.Cards.HoleCardsUnitTests.BillChenGroupValue_5" type="Nicomputer.PokerBot.UnitTests.Cards.HoleCardsUnitTests" method="BillChenGroupValue_5" time="0.0081979" result="Pass">
        <traits>
          <trait name="Category" value="HoleCards" />
        </traits>
      </test>
      <test name="Nicomputer.PokerBot.UnitTests.Cards.HoleCardsUnitTests.BillChenValue_Pairs" type="Nicomputer.PokerBot.UnitTests.Cards.HoleCardsUnitTests" method="BillChenValue_Pairs" time="0.0055168" result="Pass">
        <traits>
          <trait name="Category" value="HoleCards" />
        </traits>
      </test>
      <test name="Nicomputer.PokerBot.UnitTests.Cards.HoleCardsUnitTests.Initialize_Hand_Two_Times" type="Nicomputer.PokerBot.UnitTests.Cards.HoleCardsUnitTests" method="Initialize_Hand_Two_Times" time="0.0021136" result="Pass">
        <traits>
          <trait name="Category" value="HoleCards" />
        </traits>
      </test>
      <test name="Nicomputer.PokerBot.UnitTests.Cards.HoleCardsUnitTests.Hand_7d7c_LowCard_Is_7d" type="Nicomputer.PokerBot.UnitTests.Cards.HoleCardsUnitTests" method="Hand_7d7c_LowCard_Is_7d" time="0.0009006" result="Pass">
        <traits>
          <trait name="Category" value="HoleCards" />
        </traits>
      </test>
      <test name="Nicomputer.PokerBot.UnitTests.Cards.HoleCardsUnitTests.BillChenGroupValue_3" type="Nicomputer.PokerBot.UnitTests.Cards.HoleCardsUnitTests" method="BillChenGroupValue_3" time="0.0033731" result="Pass">
        <traits>
          <trait name="Category" value="HoleCards" />
        </traits>
      </test>
      <test name="Nicomputer.PokerBot.UnitTests.Cards.HoleCardsUnitTests.Hand_5h2c_Is_NotPair" type="Nicomputer.PokerBot.UnitTests.Cards.HoleCardsUnitTests" method="Hand_5h2c_Is_NotPair" time="0.000762" result="Pass">
        <traits>
          <trait name="Category" value="HoleCards" />
        </traits>
      </test>
      <test name="Nicomputer.PokerBot.UnitTests.Cards.HoleCardsUnitTests.BillChenValue_AA_Is_20" type="Nicomputer.PokerBot.UnitTests.Cards.HoleCardsUnitTests" method="BillChenValue_AA_Is_20" time="0.0007283" result="Pass">
        <traits>
          <trait name="Category" value="HoleCards" />
        </traits>
      </test>
      <test name="Nicomputer.PokerBot.UnitTests.Cards.HoleCardsUnitTests.BillChenGroupValue_7" type="Nicomputer.PokerBot.UnitTests.Cards.HoleCardsUnitTests" method="BillChenGroupValue_7" time="0.009963" result="Pass">
        <traits>
          <trait name="Category" value="HoleCards" />
        </traits>
      </test>
      <test name="Nicomputer.PokerBot.UnitTests.Cards.HoleCardsUnitTests.BillChenValue_37_Is_0" type="Nicomputer.PokerBot.UnitTests.Cards.HoleCardsUnitTests" method="BillChenValue_37_Is_0" time="0.0009467" result="Pass">
        <traits>
          <trait name="Category" value="HoleCards" />
        </traits>
      </test>
      <test name="Nicomputer.PokerBot.UnitTests.Cards.HoleCardsUnitTests.EmptyHand" type="Nicomputer.PokerBot.UnitTests.Cards.HoleCardsUnitTests" method="EmptyHand" time="0.0006045" result="Pass">
        <traits>
          <trait name="Category" value="HoleCards" />
        </traits>
      </test>
    </collection>
    <collection total="7" passed="7" failed="0" skipped="0" name="Test collection for Nicomputer.PokerBot.UnitTests.Cards.Deck52CardsUnitTests" time="0.015">
      <test name="Nicomputer.PokerBot.UnitTests.Cards.Deck52CardsUnitTests.CompareDecks_DifferentAfterSHuffling_Returns_False" type="Nicomputer.PokerBot.UnitTests.Cards.Deck52CardsUnitTests" method="CompareDecks_DifferentAfterSHuffling_Returns_False" time="0.0054847" result="Pass">
        <traits>
          <trait name="Category" value="Deck" />
        </traits>
      </test>
      <test name="Nicomputer.PokerBot.UnitTests.Cards.Deck52CardsUnitTests.TestDeck52Cards_Burn_1" type="Nicomputer.PokerBot.UnitTests.Cards.Deck52CardsUnitTests" method="TestDeck52Cards_Burn_1" time="0.001381" result="Pass">
        <traits>
          <trait name="Category" value="Deck" />
        </traits>
      </test>
      <test name="Nicomputer.PokerBot.UnitTests.Cards.Deck52CardsUnitTests.CompareDecks_Same_Returns_True" type="Nicomputer.PokerBot.UnitTests.Cards.Deck52CardsUnitTests" method="CompareDecks_Same_Returns_True" time="0.0025808" result="Pass">
        <traits>
          <trait name="Category" value="Deck" />
        </traits>
      </test>
      <test name="Nicomputer.PokerBot.UnitTests.Cards.Deck52CardsUnitTests.TestDeck52Cards_Deal_1" type="Nicomputer.PokerBot.UnitTests.Cards.Deck52CardsUnitTests" method="TestDeck52Cards_Deal_1" time="0.0012061" result="Pass">
        <traits>
          <trait name="Category" value="Deck" />
        </traits>
      </test>
      <test name="Nicomputer.PokerBot.UnitTests.Cards.Deck52CardsUnitTests.CompareDecks_DifferentSize_Returns_False" type="Nicomputer.PokerBot.UnitTests.Cards.Deck52CardsUnitTests" method="CompareDecks_DifferentSize_Returns_False" time="0.0018904" result="Pass">
        <traits>
          <trait name="Category" value="Deck" />
        </traits>
      </test>
      <test name="Nicomputer.PokerBot.UnitTests.Cards.Deck52CardsUnitTests.CompareDecks_Null_Returns_False" type="Nicomputer.PokerBot.UnitTests.Cards.Deck52CardsUnitTests" method="CompareDecks_Null_Returns_False" time="0.0010354" result="Pass">
        <traits>
          <trait name="Category" value="Deck" />
        </traits>
      </test>
      <test name="Nicomputer.PokerBot.UnitTests.Cards.Deck52CardsUnitTests.TestDeck52Cards" type="Nicomputer.PokerBot.UnitTests.Cards.Deck52CardsUnitTests" method="TestDeck52Cards" time="0.001084" result="Pass">
        <traits>
          <trait name="Category" value="Deck" />
        </traits>
      </test>
    </collection>
    <collection total="1" passed="1" failed="0" skipped="0" name="Test collection for Nicomputer.PokerBot.UnitTests.Hands.FlushUnitTests" time="0.006">
      <test name="Nicomputer.PokerBot.UnitTests.Hands.FlushUnitTests.FlushUnitTests_1" type="Nicomputer.PokerBot.UnitTests.Hands.FlushUnitTests" method="FlushUnitTests_1" time="0.0057996" result="Pass" />
    </collection>
    <collection total="1" passed="1" failed="0" skipped="0" name="Test collection for Nicomputer.PokerBot.UnitTests.Hands.FullHouseUnitTests" time="0.035">
      <test name="Nicomputer.PokerBot.UnitTests.Hands.FullHouseUnitTests.FullHouseUnitTests_1" type="Nicomputer.PokerBot.UnitTests.Hands.FullHouseUnitTests" method="FullHouseUnitTests_1" time="0.0346295" result="Pass" />
    </collection>
    <collection total="2" passed="2" failed="0" skipped="0" name="Test collection for Nicomputer.PokerBot.UnitTests.PokerGame.SeatUnitTests" time="0.002">
      <test name="Nicomputer.PokerBot.UnitTests.PokerGame.SeatUnitTests.Seat_RemovePlayer_Seat_Is_Empty" type="Nicomputer.PokerBot.UnitTests.PokerGame.SeatUnitTests" method="Seat_RemovePlayer_Seat_Is_Empty" time="0.0018017" result="Pass" />
      <test name="Nicomputer.PokerBot.UnitTests.PokerGame.SeatUnitTests.Seat_Initialize" type="Nicomputer.PokerBot.UnitTests.PokerGame.SeatUnitTests" method="Seat_Initialize" time="0.000628" result="Pass" />
    </collection>
    <collection total="1" passed="1" failed="0" skipped="0" name="Test collection for Nicomputer.PokerBot.UnitTests.PokerGame.PlayerUnitTests" time="0.002">
      <test name="Nicomputer.PokerBot.UnitTests.PokerGame.PlayerUnitTests.Player_Constructor" type="Nicomputer.PokerBot.UnitTests.PokerGame.PlayerUnitTests" method="Player_Constructor" time="0.0023521" result="Pass" />
    </collection>
    <collection total="1" passed="1" failed="0" skipped="0" name="Test collection for Nicomputer.PokerBot.UnitTests.Hands.OnePairUnitTests" time="0.018">
      <test name="Nicomputer.PokerBot.UnitTests.Hands.OnePairUnitTests.OnePairUnitTests_1" type="Nicomputer.PokerBot.UnitTests.Hands.OnePairUnitTests" method="OnePairUnitTests_1" time="0.018271" result="Pass" />
    </collection>
    <collection total="22" passed="22" failed="0" skipped="0" name="Test collection for Nicomputer.PokerBot.UnitTests.Cards.CardsAnalyzerUnitTests" time="0.032">
      <test name="Nicomputer.PokerBot.UnitTests.Cards.CardsAnalyzerUnitTests.IsNotFullHouse" type="Nicomputer.PokerBot.UnitTests.Cards.CardsAnalyzerUnitTests" method="IsNotFullHouse" time="0.0027224" result="Pass">
        <traits>
          <trait name="Category" value="FullHouse" />
        </traits>
      </test>
      <test name="Nicomputer.PokerBot.UnitTests.Cards.CardsAnalyzerUnitTests.StraightFlush" type="Nicomputer.PokerBot.UnitTests.Cards.CardsAnalyzerUnitTests" method="StraightFlush" time="0.0019891" result="Pass">
        <traits>
          <trait name="Category" value="StraightFlush" />
        </traits>
      </test>
      <test name="Nicomputer.PokerBot.UnitTests.Cards.CardsAnalyzerUnitTests.CountAllCardsInAHand" type="Nicomputer.PokerBot.UnitTests.Cards.CardsAnalyzerUnitTests" method="CountAllCardsInAHand" time="0.008241" result="Pass">
        <traits>
          <trait name="Category" value="Count Cards" />
        </traits>
      </test>
      <test name="Nicomputer.PokerBot.UnitTests.Cards.CardsAnalyzerUnitTests.FourOfAKind" type="Nicomputer.PokerBot.UnitTests.Cards.CardsAnalyzerUnitTests" method="FourOfAKind" time="0.0025893" result="Pass">
        <traits>
          <trait name="Category" value="Four of a kind" />
        </traits>
      </test>
      <test name="Nicomputer.PokerBot.UnitTests.Cards.CardsAnalyzerUnitTests.OnePair" type="Nicomputer.PokerBot.UnitTests.Cards.CardsAnalyzerUnitTests" method="OnePair" time="0.0010478" result="Pass">
        <traits>
          <trait name="Category" value="Pair" />
        </traits>
      </test>
      <test name="Nicomputer.PokerBot.UnitTests.Cards.CardsAnalyzerUnitTests.HandHas6BitsSet" type="Nicomputer.PokerBot.UnitTests.Cards.CardsAnalyzerUnitTests" method="HandHas6BitsSet" time="0.000543" result="Pass">
        <traits>
          <trait name="Category" value="Count Bits" />
        </traits>
      </test>
      <test name="Nicomputer.PokerBot.UnitTests.Cards.CardsAnalyzerUnitTests.NotFourOfAKind" type="Nicomputer.PokerBot.UnitTests.Cards.CardsAnalyzerUnitTests" method="NotFourOfAKind" time="0.00102" result="Pass">
        <traits>
          <trait name="Category" value="Four of a kind" />
        </traits>
      </test>
      <test name="Nicomputer.PokerBot.UnitTests.Cards.CardsAnalyzerUnitTests.HandHas52BitsSet" type="Nicomputer.PokerBot.UnitTests.Cards.CardsAnalyzerUnitTests" method="HandHas52BitsSet" time="0.0006975" result="Pass">
        <traits>
          <trait name="Category" value="Count Bits" />
        </traits>
      </test>
      <test name="Nicomputer.PokerBot.UnitTests.Cards.CardsAnalyzerUnitTests.TwoHearts" type="Nicomputer.PokerBot.UnitTests.Cards.CardsAnalyzerUnitTests" method="TwoHearts" time="0.0012467" result="Pass">
        <traits>
          <trait name="Category" value="Miscelleneaous" />
        </traits>
      </test>
      <test name="Nicomputer.PokerBot.UnitTests.Cards.CardsAnalyzerUnitTests.NotOnePair" type="Nicomputer.PokerBot.UnitTests.Cards.CardsAnalyzerUnitTests" method="NotOnePair" time="0.0011207" result="Pass">
        <traits>
          <trait name="Category" value="Pair" />
        </traits>
      </test>
      <test name="Nicomputer.PokerBot.UnitTests.Cards.CardsAnalyzerUnitTests.IsFullHouse" type="Nicomputer.PokerBot.UnitTests.Cards.CardsAnalyzerUnitTests" method="IsFullHouse" time="0.0011135" result="Pass">
        <traits>
          <trait name="Category" value="FullHouse" />
        </traits>
      </test>
      <test name="Nicomputer.PokerBot.UnitTests.Cards.CardsAnalyzerUnitTests.TwoSpades" type="Nicomputer.PokerBot.UnitTests.Cards.CardsAnalyzerUnitTests" method="TwoSpades" time="0.0005895" result="Pass">
        <traits>
          <trait name="Category" value="Miscelleneaous" />
        </traits>
      </test>
      <test name="Nicomputer.PokerBot.UnitTests.Cards.CardsAnalyzerUnitTests.IsStraightAndSpecialStraight" type="Nicomputer.PokerBot.UnitTests.Cards.CardsAnalyzerUnitTests" method="IsStraightAndSpecialStraight" time="0.0006736" result="Pass">
        <traits>
          <trait name="Category" value="Straight" />
        </traits>
      </test>
      <test name="Nicomputer.PokerBot.UnitTests.Cards.CardsAnalyzerUnitTests.HandIsAFlush" type="Nicomputer.PokerBot.UnitTests.Cards.CardsAnalyzerUnitTests" method="HandIsAFlush" time="0.0011352" result="Pass">
        <traits>
          <trait name="Category" value="Flush" />
        </traits>
      </test>
      <test name="Nicomputer.PokerBot.UnitTests.Cards.CardsAnalyzerUnitTests.TwoDiamonds" type="Nicomputer.PokerBot.UnitTests.Cards.CardsAnalyzerUnitTests" method="TwoDiamonds" time="0.000462" result="Pass">
        <traits>
          <trait name="Category" value="Miscelleneaous" />
        </traits>
      </test>
      <test name="Nicomputer.PokerBot.UnitTests.Cards.CardsAnalyzerUnitTests.TwoClubs" type="Nicomputer.PokerBot.UnitTests.Cards.CardsAnalyzerUnitTests" method="TwoClubs" time="0.0005046" result="Pass">
        <traits>
          <trait name="Category" value="Miscelleneaous" />
        </traits>
      </test>
      <test name="Nicomputer.PokerBot.UnitTests.Cards.CardsAnalyzerUnitTests.IsNotTwoPairs" type="Nicomputer.PokerBot.UnitTests.Cards.CardsAnalyzerUnitTests" method="IsNotTwoPairs" time="0.0018213" result="Pass">
        <traits>
          <trait name="Category" value="TwoPairs" />
        </traits>
      </test>
      <test name="Nicomputer.PokerBot.UnitTests.Cards.CardsAnalyzerUnitTests.NotThreeOfAKind" type="Nicomputer.PokerBot.UnitTests.Cards.CardsAnalyzerUnitTests" method="NotThreeOfAKind" time="0.0009351" result="Pass">
        <traits>
          <trait name="Category" value="Three of a kind" />
        </traits>
      </test>
      <test name="Nicomputer.PokerBot.UnitTests.Cards.CardsAnalyzerUnitTests.IsTwoPairs" type="Nicomputer.PokerBot.UnitTests.Cards.CardsAnalyzerUnitTests" method="IsTwoPairs" time="0.0011037" result="Pass">
        <traits>
          <trait name="Category" value="TwoPairs" />
        </traits>
      </test>
      <test name="Nicomputer.PokerBot.UnitTests.Cards.CardsAnalyzerUnitTests.ThreeOfAKind" type="Nicomputer.PokerBot.UnitTests.Cards.CardsAnalyzerUnitTests" method="ThreeOfAKind" time="0.0008946" result="Pass">
        <traits>
          <trait name="Category" value="Three of a kind" />
        </traits>
      </test>
      <test name="Nicomputer.PokerBot.UnitTests.Cards.CardsAnalyzerUnitTests.IsNotStraight" type="Nicomputer.PokerBot.UnitTests.Cards.CardsAnalyzerUnitTests" method="IsNotStraight" time="0.0004675" result="Pass">
        <traits>
          <trait name="Category" value="Straight" />
        </traits>
      </test>
      <test name="Nicomputer.PokerBot.UnitTests.Cards.CardsAnalyzerUnitTests.HandIsNotAFlush" type="Nicomputer.PokerBot.UnitTests.Cards.CardsAnalyzerUnitTests" method="HandIsNotAFlush" time="0.0006502" result="Pass">
        <traits>
          <trait name="Category" value="Flush" />
        </traits>
      </test>
    </collection>
    <collection total="1" passed="1" failed="0" skipped="0" name="Test collection for Nicomputer.PokerBot.UnitTests.Hands.PokerHandUnitTests" time="0.007">
      <test name="Nicomputer.PokerBot.UnitTests.Hands.PokerHandUnitTests.PokerHand_New" type="Nicomputer.PokerBot.UnitTests.Hands.PokerHandUnitTests" method="PokerHand_New" time="0.0068837" result="Pass" />
    </collection>
    <collection total="4" passed="4" failed="0" skipped="0" name="Test collection for Nicomputer.PokerBot.UnitTests.Cards.MaskBitsUnitTests" time="0.014">
      <test name="Nicomputer.PokerBot.UnitTests.Cards.MaskBitsUnitTests.Decrement_8_7_Is_8_6" type="Nicomputer.PokerBot.UnitTests.Cards.MaskBitsUnitTests" method="Decrement_8_7_Is_8_6" time="0.0105552" result="Pass">
        <traits>
          <trait name="Category" value="MaskBits" />
        </traits>
      </test>
      <test name="Nicomputer.PokerBot.UnitTests.Cards.MaskBitsUnitTests.Decrement_7_6_Is_7_5" type="Nicomputer.PokerBot.UnitTests.Cards.MaskBitsUnitTests" method="Decrement_7_6_Is_7_5" time="0.0012552" result="Pass">
        <traits>
          <trait name="Category" value="MaskBits" />
        </traits>
      </test>
      <test name="Nicomputer.PokerBot.UnitTests.Cards.MaskBitsUnitTests.Decrement_8_1_Is_7_6" type="Nicomputer.PokerBot.UnitTests.Cards.MaskBitsUnitTests" method="Decrement_8_1_Is_7_6" time="0.0006472" result="Pass">
        <traits>
          <trait name="Category" value="MaskBits" />
        </traits>
      </test>
      <test name="Nicomputer.PokerBot.UnitTests.Cards.MaskBitsUnitTests.Decrement_2_1_Is_2_1" type="Nicomputer.PokerBot.UnitTests.Cards.MaskBitsUnitTests" method="Decrement_2_1_Is_2_1" time="0.0013515" result="Pass">
        <traits>
          <trait name="Category" value="MaskBits" />
        </traits>
      </test>
    </collection>
    <collection total="3" passed="3" failed="0" skipped="0" name="Test collection for Nicomputer.PokerBot.UnitTests.Hands.PokerHandComparaisonUnitTests" time="0.007">
      <test name="Nicomputer.PokerBot.UnitTests.Hands.PokerHandComparaisonUnitTests.StraightFlush_Is_Better_Than_FourOfAKind" type="Nicomputer.PokerBot.UnitTests.Hands.PokerHandComparaisonUnitTests" method="StraightFlush_Is_Better_Than_FourOfAKind" time="0.0027864" result="Pass" />
      <test name="Nicomputer.PokerBot.UnitTests.Hands.PokerHandComparaisonUnitTests.StraightFlush_7_Is_Better_Than_StraightFlush_6" type="Nicomputer.PokerBot.UnitTests.Hands.PokerHandComparaisonUnitTests" method="StraightFlush_7_Is_Better_Than_StraightFlush_6" time="0.0017676" result="Pass" />
      <test name="Nicomputer.PokerBot.UnitTests.Hands.PokerHandComparaisonUnitTests.StraightFlush_6_Is_Better_Than_StraightFlush_5" type="Nicomputer.PokerBot.UnitTests.Hands.PokerHandComparaisonUnitTests" method="StraightFlush_6_Is_Better_Than_StraightFlush_5" time="0.0020283" result="Pass" />
    </collection>
    <collection total="3" passed="3" failed="0" skipped="0" name="Test collection for Nicomputer.PokerBot.UnitTests.Hands.TwoPairsUnitTests" time="0.016">
      <test name="Nicomputer.PokerBot.UnitTests.Hands.TwoPairsUnitTests.TwoPairs_With_Kickers_2" type="Nicomputer.PokerBot.UnitTests.Hands.TwoPairsUnitTests" method="TwoPairs_With_Kickers_2" time="0.0075476" result="Pass" />
      <test name="Nicomputer.PokerBot.UnitTests.Hands.TwoPairsUnitTests.TwoPairsUnitTests_1" type="Nicomputer.PokerBot.UnitTests.Hands.TwoPairsUnitTests" method="TwoPairsUnitTests_1" time="0.0025736" result="Pass" />
      <test name="Nicomputer.PokerBot.UnitTests.Hands.TwoPairsUnitTests.TwoPairs_With_Kickers_1" type="Nicomputer.PokerBot.UnitTests.Hands.TwoPairsUnitTests" method="TwoPairs_With_Kickers_1" time="0.0062749" result="Pass" />
    </collection>
    <collection total="1" passed="1" failed="0" skipped="0" name="Test collection for Nicomputer.PokerBot.UnitTests.Hands.StraightFlushUnitTests" time="0.011">
      <test name="Nicomputer.PokerBot.UnitTests.Hands.StraightFlushUnitTests.StraightFlush_1" type="Nicomputer.PokerBot.UnitTests.Hands.StraightFlushUnitTests" method="StraightFlush_1" time="0.0105587" result="Pass" />
    </collection>
    <collection total="11" passed="11" failed="0" skipped="0" name="Test collection for Nicomputer.PokerBot.UnitTests.PokerGame.TableUnitTests" time="0.036">
      <test name="Nicomputer.PokerBot.UnitTests.PokerGame.TableUnitTests.OpenTable_Of_9_With_7_Players" type="Nicomputer.PokerBot.UnitTests.PokerGame.TableUnitTests" method="OpenTable_Of_9_With_7_Players" time="0.0030318" result="Pass">
        <traits>
          <trait name="Category" value="Table - Open" />
        </traits>
      </test>
      <test name="Nicomputer.PokerBot.UnitTests.PokerGame.TableUnitTests.CloseTable_Of_9_Players" type="Nicomputer.PokerBot.UnitTests.PokerGame.TableUnitTests" method="CloseTable_Of_9_Players" time="0.0035208" result="Pass">
        <traits>
          <trait name="Category" value="Table - Close" />
        </traits>
      </test>
      <test name="Nicomputer.PokerBot.UnitTests.PokerGame.TableUnitTests.OccupiedSeats_Table_Of_2_Players" type="Nicomputer.PokerBot.UnitTests.PokerGame.TableUnitTests" method="OccupiedSeats_Table_Of_2_Players" time="0.0125541" result="Pass">
        <traits>
          <trait name="Category" value="Table - Positions" />
        </traits>
      </test>
      <test name="Nicomputer.PokerBot.UnitTests.PokerGame.TableUnitTests.OccupiedSeats_Table_Of_9_Players" type="Nicomputer.PokerBot.UnitTests.PokerGame.TableUnitTests" method="OccupiedSeats_Table_Of_9_Players" time="0.0030084" result="Pass">
        <traits>
          <trait name="Category" value="Table - Positions" />
        </traits>
      </test>
      <test name="Nicomputer.PokerBot.UnitTests.PokerGame.TableUnitTests.OpenTable_Of_9_With_0_Players" type="Nicomputer.PokerBot.UnitTests.PokerGame.TableUnitTests" method="OpenTable_Of_9_With_0_Players" time="0.0021328" result="Pass">
        <traits>
          <trait name="Category" value="Table - Open" />
        </traits>
      </test>
      <test name="Nicomputer.PokerBot.UnitTests.PokerGame.TableUnitTests.InitialPositions_Table_Of_2_Players" type="Nicomputer.PokerBot.UnitTests.PokerGame.TableUnitTests" method="InitialPositions_Table_Of_2_Players" time="0.0017347" result="Pass">
        <traits>
          <trait name="Category" value="Table - Positions" />
        </traits>
      </test>
      <test name="Nicomputer.PokerBot.UnitTests.PokerGame.TableUnitTests.Table_WithEmptySeat_AddPlayer_Is_Ok" type="Nicomputer.PokerBot.UnitTests.PokerGame.TableUnitTests" method="Table_WithEmptySeat_AddPlayer_Is_Ok" time="0.0017134" result="Pass">
        <traits>
          <trait name="Category" value="Table - Get Empty Seat" />
        </traits>
      </test>
      <test name="Nicomputer.PokerBot.UnitTests.PokerGame.TableUnitTests.InitialPositions_Table_Of_9_Players" type="Nicomputer.PokerBot.UnitTests.PokerGame.TableUnitTests" method="InitialPositions_Table_Of_9_Players" time="0.0016664" result="Pass">
        <traits>
          <trait name="Category" value="Table - Positions" />
        </traits>
      </test>
      <test name="Nicomputer.PokerBot.UnitTests.PokerGame.TableUnitTests.Table_Full_AddPlayer_Is_Not_Ok" type="Nicomputer.PokerBot.UnitTests.PokerGame.TableUnitTests" method="Table_Full_AddPlayer_Is_Not_Ok" time="0.0037097" result="Pass">
        <traits>
          <trait name="Category" value="Table - Get Empty Seat" />
        </traits>
      </test>
      <test name="Nicomputer.PokerBot.UnitTests.PokerGame.TableUnitTests.OpenTable_Of_9_With_9_Players" type="Nicomputer.PokerBot.UnitTests.PokerGame.TableUnitTests" method="OpenTable_Of_9_With_9_Players" time="0.00146" result="Pass">
        <traits>
          <trait name="Category" value="Table - Open" />
        </traits>
      </test>
      <test name="Nicomputer.PokerBot.UnitTests.PokerGame.TableUnitTests.UpdatePositions_Table_Of_2_Players" type="Nicomputer.PokerBot.UnitTests.PokerGame.TableUnitTests" method="UpdatePositions_Table_Of_2_Players" time="0.0019579" result="Pass">
        <traits>
          <trait name="Category" value="Table - Positions" />
        </traits>
      </test>
    </collection>
    <collection total="1" passed="1" failed="0" skipped="0" name="Test collection for Nicomputer.PokerBot.UnitTests.Hands.StraightUnitTests" time="0.003">
      <test name="Nicomputer.PokerBot.UnitTests.Hands.StraightUnitTests.Straight_1" type="Nicomputer.PokerBot.UnitTests.Hands.StraightUnitTests" method="Straight_1" time="0.0034888" result="Pass" />
    </collection>
    <collection total="6" passed="6" failed="0" skipped="0" name="Test collection for Nicomputer.PokerBot.UnitTests.PokerGame.DealerUnitTests" time="0.141">
      <test name="Nicomputer.PokerBot.UnitTests.PokerGame.DealerUnitTests.Dealer_Deals_Hands_Table_Full" type="Nicomputer.PokerBot.UnitTests.PokerGame.DealerUnitTests" method="Dealer_Deals_Hands_Table_Full" time="0.1221217" result="Pass" />
      <test name="Nicomputer.PokerBot.UnitTests.PokerGame.DealerUnitTests.Dealer_Deals_Hands_Table_2" type="Nicomputer.PokerBot.UnitTests.PokerGame.DealerUnitTests" method="Dealer_Deals_Hands_Table_2" time="0.0036505" result="Pass" />
      <test name="Nicomputer.PokerBot.UnitTests.PokerGame.DealerUnitTests.Dealer_Deals_Hands_Table_6" type="Nicomputer.PokerBot.UnitTests.PokerGame.DealerUnitTests" method="Dealer_Deals_Hands_Table_6" time="0.0039218" result="Pass" />
      <test name="Nicomputer.PokerBot.UnitTests.PokerGame.DealerUnitTests.Dealer_Deals_Flop_Table_Full" type="Nicomputer.PokerBot.UnitTests.PokerGame.DealerUnitTests" method="Dealer_Deals_Flop_Table_Full" time="0.0043844" result="Pass" />
      <test name="Nicomputer.PokerBot.UnitTests.PokerGame.DealerUnitTests.Dealer_Deals_Turn_Table_Full" type="Nicomputer.PokerBot.UnitTests.PokerGame.DealerUnitTests" method="Dealer_Deals_Turn_Table_Full" time="0.0037627" result="Pass" />
      <test name="Nicomputer.PokerBot.UnitTests.PokerGame.DealerUnitTests.Dealer_Deals_River_Table_Full" type="Nicomputer.PokerBot.UnitTests.PokerGame.DealerUnitTests" method="Dealer_Deals_River_Table_Full" time="0.0029187" result="Pass" />
    </collection>
    <collection total="2" passed="2" failed="0" skipped="0" name="Test collection for Nicomputer.PokerBot.UnitTests.Hands.PokerHandAnalyzerUnitTests" time="0.022">
      <test name="Nicomputer.PokerBot.UnitTests.Hands.PokerHandAnalyzerUnitTests.PokerHandAnalyzerUnitTest_1" type="Nicomputer.PokerBot.UnitTests.Hands.PokerHandAnalyzerUnitTests" method="PokerHandAnalyzerUnitTest_1" time="0.0100633" result="Pass" />
      <test name="Nicomputer.PokerBot.UnitTests.Hands.PokerHandAnalyzerUnitTests.PokerHandAnalyzer_TwoPairs" type="Nicomputer.PokerBot.UnitTests.Hands.PokerHandAnalyzerUnitTests" method="PokerHandAnalyzer_TwoPairs" time="0.0120187" result="Pass" />
    </collection>
    <collection total="1" passed="1" failed="0" skipped="0" name="Test collection for Nicomputer.PokerBot.UnitTests.Hands.HighCardUnitTests" time="0.006">
      <test name="Nicomputer.PokerBot.UnitTests.Hands.HighCardUnitTests.HighCardUnitTests_1" type="Nicomputer.PokerBot.UnitTests.Hands.HighCardUnitTests" method="HighCardUnitTests_1" time="0.0055363" result="Pass" />
    </collection>
    <collection total="32" passed="31" failed="0" skipped="1" name="Test collection for Nicomputer.PokerBot.UnitTests.Cards.BinaryOperationsUnitTests" time="0.046">
      <test name="Nicomputer.PokerBot.UnitTests.Cards.BinaryOperationsUnitTests.SetBitsFromToLeft_52_7" type="Nicomputer.PokerBot.UnitTests.Cards.BinaryOperationsUnitTests" method="SetBitsFromToLeft_52_7" time="0.0060308" result="Pass">
        <traits>
          <trait name="Category" value="BinaryOperations" />
        </traits>
      </test>
      <test name="Nicomputer.PokerBot.UnitTests.Cards.BinaryOperationsUnitTests.GenerateAllCombinations_8bits_1combination" type="Nicomputer.PokerBot.UnitTests.Cards.BinaryOperationsUnitTests" method="GenerateAllCombinations_8bits_1combination" time="0.001163" result="Pass">
        <traits>
          <trait name="Category" value="BinaryOperations" />
        </traits>
      </test>
      <test name="Nicomputer.PokerBot.UnitTests.Cards.BinaryOperationsUnitTests.GetNumberOfCombinations_0_0" type="Nicomputer.PokerBot.UnitTests.Cards.BinaryOperationsUnitTests" method="GetNumberOfCombinations_0_0" time="0.0025868" result="Pass">
        <traits>
          <trait name="Category" value="Combinations" />
        </traits>
      </test>
      <test name="Nicomputer.PokerBot.UnitTests.Cards.BinaryOperationsUnitTests.GetNumberOfCombinations_8_8" type="Nicomputer.PokerBot.UnitTests.Cards.BinaryOperationsUnitTests" method="GetNumberOfCombinations_8_8" time="0.000558" result="Pass">
        <traits>
          <trait name="Category" value="Combinations" />
        </traits>
      </test>
      <test name="Nicomputer.PokerBot.UnitTests.Cards.BinaryOperationsUnitTests.GenerateAllCombinations_8bits_3combinations" type="Nicomputer.PokerBot.UnitTests.Cards.BinaryOperationsUnitTests" method="GenerateAllCombinations_8bits_3combinations" time="0.001102" result="Pass">
        <traits>
          <trait name="Category" value="BinaryOperations" />
        </traits>
      </test>
      <test name="Nicomputer.PokerBot.UnitTests.Cards.BinaryOperationsUnitTests.GetCombinationsMaskBits_8_2" type="Nicomputer.PokerBot.UnitTests.Cards.BinaryOperationsUnitTests" method="GetCombinationsMaskBits_8_2" time="0.0005375" result="Pass">
        <traits>
          <trait name="Category" value="BinaryOperations" />
        </traits>
      </test>
      <test name="Nicomputer.PokerBot.UnitTests.Cards.BinaryOperationsUnitTests.CompareArrays_SameReferences_True" type="Nicomputer.PokerBot.UnitTests.Cards.BinaryOperationsUnitTests" method="CompareArrays_SameReferences_True" time="0.0009386" result="Pass">
        <traits>
          <trait name="Category" value="BinaryOperations" />
        </traits>
      </test>
      <test name="Nicomputer.PokerBot.UnitTests.Cards.BinaryOperationsUnitTests.SetBitsFromToRight_53_12" type="Nicomputer.PokerBot.UnitTests.Cards.BinaryOperationsUnitTests" method="SetBitsFromToRight_53_12" time="0.0014284" result="Pass">
        <traits>
          <trait name="Category" value="BinaryOperations" />
        </traits>
      </test>
      <test name="Nicomputer.PokerBot.UnitTests.Cards.BinaryOperationsUnitTests.GenerateAllCombinations_8bits_2combinations" type="Nicomputer.PokerBot.UnitTests.Cards.BinaryOperationsUnitTests" method="GenerateAllCombinations_8bits_2combinations" time="0.0007772" result="Pass">
        <traits>
          <trait name="Category" value="BinaryOperations" />
        </traits>
      </test>
      <test name="Nicomputer.PokerBot.UnitTests.Cards.BinaryOperationsUnitTests.GetCombinationsMaskBits_8_1" type="Nicomputer.PokerBot.UnitTests.Cards.BinaryOperationsUnitTests" method="GetCombinationsMaskBits_8_1" time="0.0010119" result="Pass">
        <traits>
          <trait name="Category" value="BinaryOperations" />
        </traits>
      </test>
      <test name="Nicomputer.PokerBot.UnitTests.Cards.BinaryOperationsUnitTests.CompareArrays_DifferentMask_False" type="Nicomputer.PokerBot.UnitTests.Cards.BinaryOperationsUnitTests" method="CompareArrays_DifferentMask_False" time="0.0005985" result="Pass">
        <traits>
          <trait name="Category" value="BinaryOperations" />
        </traits>
      </test>
      <test name="Nicomputer.PokerBot.UnitTests.Cards.BinaryOperationsUnitTests.ReverseBits_0x8000000000000000_Is_0x1" type="Nicomputer.PokerBot.UnitTests.Cards.BinaryOperationsUnitTests" method="ReverseBits_0x8000000000000000_Is_0x1" time="0.0016093" result="Pass">
        <traits>
          <trait name="Category" value="BinaryOperations" />
        </traits>
      </test>
      <test name="Nicomputer.PokerBot.UnitTests.Cards.BinaryOperationsUnitTests.CompareArrays_DifferentLength_False" type="Nicomputer.PokerBot.UnitTests.Cards.BinaryOperationsUnitTests" method="CompareArrays_DifferentLength_False" time="0.0006365" result="Pass">
        <traits>
          <trait name="Category" value="BinaryOperations" />
        </traits>
      </test>
      <test name="Nicomputer.PokerBot.UnitTests.Cards.BinaryOperationsUnitTests.GetNumberOfCombinations_8_1" type="Nicomputer.PokerBot.UnitTests.Cards.BinaryOperationsUnitTests" method="GetNumberOfCombinations_8_1" time="0.0004065" result="Pass">
        <traits>
          <trait name="Category" value="Combinations" />
        </traits>
      </test>
      <test name="Nicomputer.PokerBot.UnitTests.Cards.BinaryOperationsUnitTests.CompareArrays_Null_False" type="Nicomputer.PokerBot.UnitTests.Cards.BinaryOperationsUnitTests" method="CompareArrays_Null_False" time="0.0062953" result="Pass">
        <traits>
          <trait name="Category" value="BinaryOperations" />
        </traits>
      </test>
      <test name="Nicomputer.PokerBot.UnitTests.Cards.BinaryOperationsUnitTests.GetCombinationsMaskBits_8_2_Decrement_1_Reset" type="Nicomputer.PokerBot.UnitTests.Cards.BinaryOperationsUnitTests" method="GetCombinationsMaskBits_8_2_Decrement_1_Reset" time="0.0011084" result="Pass">
        <traits>
          <trait name="Category" value="BinaryOperations" />
        </traits>
      </test>
      <test name="Nicomputer.PokerBot.UnitTests.Cards.BinaryOperationsUnitTests.GetNumberOfCombinations_52_7" type="Nicomputer.PokerBot.UnitTests.Cards.BinaryOperationsUnitTests" method="GetNumberOfCombinations_52_7" time="0.0004355" result="Pass">
        <traits>
          <trait name="Category" value="Combinations" />
        </traits>
      </test>
      <test name="Nicomputer.PokerBot.UnitTests.Cards.BinaryOperationsUnitTests.GenerateAllCombinations_52bits_7combinations" type="Nicomputer.PokerBot.UnitTests.Cards.BinaryOperationsUnitTests" method="GenerateAllCombinations_52bits_7combinations" time="0" result="Skip">
        <traits>
          <trait name="Category" value="BinaryOperations" />
        </traits>
        <reason><![CDATA[Please Execute Manually]]></reason>
      </test>
      <test name="Nicomputer.PokerBot.UnitTests.Cards.BinaryOperationsUnitTests.SetBitsFromToLeft_8_1" type="Nicomputer.PokerBot.UnitTests.Cards.BinaryOperationsUnitTests" method="SetBitsFromToLeft_8_1" time="0.0004052" result="Pass">
        <traits>
          <trait name="Category" value="BinaryOperations" />
        </traits>
      </test>
      <test name="Nicomputer.PokerBot.UnitTests.Cards.BinaryOperationsUnitTests.SetBitsFromToRight_1_8" type="Nicomputer.PokerBot.UnitTests.Cards.BinaryOperationsUnitTests" method="SetBitsFromToRight_1_8" time="0.000561" result="Pass">
        <traits>
          <trait name="Category" value="BinaryOperations" />
        </traits>
      </test>
      <test name="Nicomputer.PokerBot.UnitTests.Cards.BinaryOperationsUnitTests.SetBitsFromToLeft_8_0" type="Nicomputer.PokerBot.UnitTests.Cards.BinaryOperationsUnitTests" method="SetBitsFromToLeft_8_0" time="0.0003813" result="Pass">
        <traits>
          <trait name="Category" value="BinaryOperations" />
        </traits>
      </test>
      <test name="Nicomputer.PokerBot.UnitTests.Cards.BinaryOperationsUnitTests.GetNumberOfCombinations_8_2" type="Nicomputer.PokerBot.UnitTests.Cards.BinaryOperationsUnitTests" method="GetNumberOfCombinations_8_2" time="0.0003366" result="Pass">
        <traits>
          <trait name="Category" value="Combinations" />
        </traits>
      </test>
      <test name="Nicomputer.PokerBot.UnitTests.Cards.BinaryOperationsUnitTests.SetBitsFromToRight_1_7" type="Nicomputer.PokerBot.UnitTests.Cards.BinaryOperationsUnitTests" method="SetBitsFromToRight_1_7" time="0.0004356" result="Pass">
        <traits>
          <trait name="Category" value="BinaryOperations" />
        </traits>
      </test>
      <test name="Nicomputer.PokerBot.UnitTests.Cards.BinaryOperationsUnitTests.SetBitsFromToLeft_8_8" type="Nicomputer.PokerBot.UnitTests.Cards.BinaryOperationsUnitTests" method="SetBitsFromToLeft_8_8" time="0.002321" result="Pass">
        <traits>
          <trait name="Category" value="BinaryOperations" />
        </traits>
      </test>
      <test name="Nicomputer.PokerBot.UnitTests.Cards.BinaryOperationsUnitTests.SetBitsFromToRight_8_1" type="Nicomputer.PokerBot.UnitTests.Cards.BinaryOperationsUnitTests" method="SetBitsFromToRight_8_1" time="0.0047641" result="Pass">
        <traits>
          <trait name="Category" value="BinaryOperations" />
        </traits>
      </test>
      <test name="Nicomputer.PokerBot.UnitTests.Cards.BinaryOperationsUnitTests.GetCombinationsMaskBits_52_7" type="Nicomputer.PokerBot.UnitTests.Cards.BinaryOperationsUnitTests" method="GetCombinationsMaskBits_52_7" time="0.002891" result="Pass">
        <traits>
          <trait name="Category" value="BinaryOperations" />
        </traits>
      </test>
      <test name="Nicomputer.PokerBot.UnitTests.Cards.BinaryOperationsUnitTests.MaskBits_8_2_ToString_Is_11000000" type="Nicomputer.PokerBot.UnitTests.Cards.BinaryOperationsUnitTests" method="MaskBits_8_2_ToString_Is_11000000" time="0.0046493" result="Pass">
        <traits>
          <trait name="Category" value="BinaryOperations" />
        </traits>
      </test>
      <test name="Nicomputer.PokerBot.UnitTests.Cards.BinaryOperationsUnitTests.SetBitsFromToLeft_52_1" type="Nicomputer.PokerBot.UnitTests.Cards.BinaryOperationsUnitTests" method="SetBitsFromToLeft_52_1" time="0.0006493" result="Pass">
        <traits>
          <trait name="Category" value="BinaryOperations" />
        </traits>
      </test>
      <test name="Nicomputer.PokerBot.UnitTests.Cards.BinaryOperationsUnitTests.SetBitsFromToRight_8_0" type="Nicomputer.PokerBot.UnitTests.Cards.BinaryOperationsUnitTests" method="SetBitsFromToRight_8_0" time="0.0004496" result="Pass">
        <traits>
          <trait name="Category" value="BinaryOperations" />
        </traits>
      </test>
      <test name="Nicomputer.PokerBot.UnitTests.Cards.BinaryOperationsUnitTests.SetBitsFromToRight_8_2" type="Nicomputer.PokerBot.UnitTests.Cards.BinaryOperationsUnitTests" method="SetBitsFromToRight_8_2" time="0.0004154" result="Pass">
        <traits>
          <trait name="Category" value="BinaryOperations" />
        </traits>
      </test>
      <test name="Nicomputer.PokerBot.UnitTests.Cards.BinaryOperationsUnitTests.SetBitsFromToLeft_8_2" type="Nicomputer.PokerBot.UnitTests.Cards.BinaryOperationsUnitTests" method="SetBitsFromToLeft_8_2" time="0.0003591" result="Pass">
        <traits>
          <trait name="Category" value="BinaryOperations" />
        </traits>
      </test>
      <test name="Nicomputer.PokerBot.UnitTests.Cards.BinaryOperationsUnitTests.GetNumberOfCombinations_8_0" type="Nicomputer.PokerBot.UnitTests.Cards.BinaryOperationsUnitTests" method="GetNumberOfCombinations_8_0" time="0.000625" result="Pass">
        <traits>
          <trait name="Category" value="Combinations" />
        </traits>
      </test>
    </collection>
    <collection total="2" passed="2" failed="0" skipped="0" name="Test collection for Nicomputer.PokerBot.UnitTests.PokerGame.HandPlayEngineUnitTests" time="0.120">
      <test name="Nicomputer.PokerBot.UnitTests.PokerGame.HandPlayEngineUnitTests.Table_Is_Not_Opened" type="Nicomputer.PokerBot.UnitTests.PokerGame.HandPlayEngineUnitTests" method="Table_Is_Not_Opened" time="0.0033079" result="Pass">
        <traits>
          <trait name="Category" value="Hand Play Engine" />
        </traits>
      </test>
      <test name="Nicomputer.PokerBot.UnitTests.PokerGame.HandPlayEngineUnitTests.Table_Is_Opened" type="Nicomputer.PokerBot.UnitTests.PokerGame.HandPlayEngineUnitTests" method="Table_Is_Opened" time="0.1163365" result="Pass">
        <traits>
          <trait name="Category" value="Hand Play Engine" />
        </traits>
      </test>
    </collection>
    <collection total="5" passed="5" failed="0" skipped="0" name="Test collection for Nicomputer.PokerBot.UnitTests.Cards.CardsCollectionUnitTests" time="0.011">
      <test name="Nicomputer.PokerBot.UnitTests.Cards.CardsCollectionUnitTests.CardsCollection_Sort" type="Nicomputer.PokerBot.UnitTests.Cards.CardsCollectionUnitTests" method="CardsCollection_Sort" time="0.005544" result="Pass" />
      <test name="Nicomputer.PokerBot.UnitTests.Cards.CardsCollectionUnitTests.Initialize_With_Capacity" type="Nicomputer.PokerBot.UnitTests.Cards.CardsCollectionUnitTests" method="Initialize_With_Capacity" time="0.0005597" result="Pass" />
      <test name="Nicomputer.PokerBot.UnitTests.Cards.CardsCollectionUnitTests.CardsCollection_ToString" type="Nicomputer.PokerBot.UnitTests.Cards.CardsCollectionUnitTests" method="CardsCollection_ToString" time="0.0015368" result="Pass" />
      <test name="Nicomputer.PokerBot.UnitTests.Cards.CardsCollectionUnitTests.Iterate_CardsCollection" type="Nicomputer.PokerBot.UnitTests.Cards.CardsCollectionUnitTests" method="Iterate_CardsCollection" time="0.0014744" result="Pass" />
      <test name="Nicomputer.PokerBot.UnitTests.Cards.CardsCollectionUnitTests.Initialize_With_String" type="Nicomputer.PokerBot.UnitTests.Cards.CardsCollectionUnitTests" method="Initialize_With_String" time="0.001672" result="Pass" />
    </collection>
    <collection total="31" passed="31" failed="0" skipped="0" name="Test collection for Nicomputer.PokerBot.UnitTests.Cards.CardUnitTests" time="0.140">
      <test name="Nicomputer.PokerBot.UnitTests.Cards.CardUnitTests.Card_Jh_Is_0x1000000000000" type="Nicomputer.PokerBot.UnitTests.Cards.CardUnitTests" method="Card_Jh_Is_0x1000000000000" time="0.0937881" result="Pass">
        <traits>
          <trait name="Category" value="Card" />
        </traits>
      </test>
      <test name="Nicomputer.PokerBot.UnitTests.Cards.CardUnitTests.Card_New_AbsoluteValue_Spades" type="Nicomputer.PokerBot.UnitTests.Cards.CardUnitTests" method="Card_New_AbsoluteValue_Spades" time="0.0152703" result="Pass">
        <traits>
          <trait name="Category" value="Card" />
        </traits>
      </test>
      <test name="Nicomputer.PokerBot.UnitTests.Cards.CardUnitTests.ToString_Td" type="Nicomputer.PokerBot.UnitTests.Cards.CardUnitTests" method="ToString_Td" time="0.0006694" result="Pass">
        <traits>
          <trait name="Category" value="Card" />
        </traits>
      </test>
      <test name="Nicomputer.PokerBot.UnitTests.Cards.CardUnitTests.Card_Qh_Is_0x2000000000000" type="Nicomputer.PokerBot.UnitTests.Cards.CardUnitTests" method="Card_Qh_Is_0x2000000000000" time="0.0006941" result="Pass">
        <traits>
          <trait name="Category" value="Card" />
        </traits>
      </test>
      <test name="Nicomputer.PokerBot.UnitTests.Cards.CardUnitTests.CompareCards_Jh_Th" type="Nicomputer.PokerBot.UnitTests.Cards.CardUnitTests" method="CompareCards_Jh_Th" time="0.0006126" result="Pass">
        <traits>
          <trait name="Category" value="Card" />
        </traits>
      </test>
      <test name="Nicomputer.PokerBot.UnitTests.Cards.CardUnitTests.Card_Kh_Is_0x4000000000000" type="Nicomputer.PokerBot.UnitTests.Cards.CardUnitTests" method="Card_Kh_Is_0x4000000000000" time="0.0006352" result="Pass">
        <traits>
          <trait name="Category" value="Card" />
        </traits>
      </test>
      <test name="Nicomputer.PokerBot.UnitTests.Cards.CardUnitTests.CompareCards_Th_Js" type="Nicomputer.PokerBot.UnitTests.Cards.CardUnitTests" method="CompareCards_Th_Js" time="0.0006032" result="Pass">
        <traits>
          <trait name="Category" value="Card" />
        </traits>
      </test>
      <test name="Nicomputer.PokerBot.UnitTests.Cards.CardUnitTests.CompareCards_Jh_Equals_Jd_Returns_False" type="Nicomputer.PokerBot.UnitTests.Cards.CardUnitTests" method="CompareCards_Jh_Equals_Jd_Returns_False" time="0.0007103" result="Pass">
        <traits>
          <trait name="Category" value="Card" />
        </traits>
      </test>
      <test name="Nicomputer.PokerBot.UnitTests.Cards.CardUnitTests.CompareCards_Js_Th" type="Nicomputer.PokerBot.UnitTests.Cards.CardUnitTests" method="CompareCards_Js_Th" time="0.0006459" result="Pass">
        <traits>
          <trait name="Category" value="Card" />
        </traits>
      </test>
      <test name="Nicomputer.PokerBot.UnitTests.Cards.CardUnitTests.Card_Ad_Is_0x2000000" type="Nicomputer.PokerBot.UnitTests.Cards.CardUnitTests" method="Card_Ad_Is_0x2000000" time="0.0005866" result="Pass">
        <traits>
          <trait name="Category" value="Card" />
        </traits>
      </test>
      <test name="Nicomputer.PokerBot.UnitTests.Cards.CardUnitTests.ToString_Kh" type="Nicomputer.PokerBot.UnitTests.Cards.CardUnitTests" method="ToString_Kh" time="0.0005456" result="Pass">
        <traits>
          <trait name="Category" value="Card" />
        </traits>
      </test>
      <test name="Nicomputer.PokerBot.UnitTests.Cards.CardUnitTests.CompareCards_Jh_Jh" type="Nicomputer.PokerBot.UnitTests.Cards.CardUnitTests" method="CompareCards_Jh_Jh" time="0.0006373" result="Pass">
        <traits>
          <trait name="Category" value="Card" />
        </traits>
      </test>
      <test name="Nicomputer.PokerBot.UnitTests.Cards.CardUnitTests.CompareCards_Jh_Equals_null_Returns_False" type="Nicomputer.PokerBot.UnitTests.Cards.CardUnitTests" method="CompareCards_Jh_Equals_null_Returns_False" time="0.0005631" result="Pass">
        <traits>
          <trait name="Category" value="Card" />
        </traits>
      </test>
      <test name="Nicomputer.PokerBot.UnitTests.Cards.CardUnitTests.Card_New_AbsoluteValue_Diamonds" type="Nicomputer.PokerBot.UnitTests.Cards.CardUnitTests" method="Card_New_AbsoluteValue_Diamonds" time="0.0039406" result="Pass">
        <traits>
          <trait name="Category" value="Card" />
        </traits>
      </test>
      <test name="Nicomputer.PokerBot.UnitTests.Cards.CardUnitTests.Card_Ac_Is_0x1000" type="Nicomputer.PokerBot.UnitTests.Cards.CardUnitTests" method="Card_Ac_Is_0x1000" time="0.0006579" result="Pass">
        <traits>
          <trait name="Category" value="Card" />
        </traits>
      </test>
      <test name="Nicomputer.PokerBot.UnitTests.Cards.CardUnitTests.Card_2c_Is_0x1" type="Nicomputer.PokerBot.UnitTests.Cards.CardUnitTests" method="Card_2c_Is_0x1" time="0.0024528" result="Pass">
        <traits>
          <trait name="Category" value="Card" />
        </traits>
      </test>
      <test name="Nicomputer.PokerBot.UnitTests.Cards.CardUnitTests.CompareCards_Js_Jh" type="Nicomputer.PokerBot.UnitTests.Cards.CardUnitTests" method="CompareCards_Js_Jh" time="0.0006741" result="Pass">
        <traits>
          <trait name="Category" value="Card" />
        </traits>
      </test>
      <test name="Nicomputer.PokerBot.UnitTests.Cards.CardUnitTests.Card_New_AbsoluteValue_Hearts" type="Nicomputer.PokerBot.UnitTests.Cards.CardUnitTests" method="Card_New_AbsoluteValue_Hearts" time="0.0056994" result="Pass">
        <traits>
          <trait name="Category" value="Card" />
        </traits>
      </test>
      <test name="Nicomputer.PokerBot.UnitTests.Cards.CardUnitTests.ToString_9h" type="Nicomputer.PokerBot.UnitTests.Cards.CardUnitTests" method="ToString_9h" time="0.0006293" result="Pass">
        <traits>
          <trait name="Category" value="Card" />
        </traits>
      </test>
      <test name="Nicomputer.PokerBot.UnitTests.Cards.CardUnitTests.Card_Ah_Is_0x8000000000000" type="Nicomputer.PokerBot.UnitTests.Cards.CardUnitTests" method="Card_Ah_Is_0x8000000000000" time="0.0006787" result="Pass">
        <traits>
          <trait name="Category" value="Card" />
        </traits>
      </test>
      <test name="Nicomputer.PokerBot.UnitTests.Cards.CardUnitTests.CompareCards_Jh_Equals_Jh_Returns_True" type="Nicomputer.PokerBot.UnitTests.Cards.CardUnitTests" method="CompareCards_Jh_Equals_Jh_Returns_True" time="0.0006886" result="Pass">
        <traits>
          <trait name="Category" value="Card" />
        </traits>
      </test>
      <test name="Nicomputer.PokerBot.UnitTests.Cards.CardUnitTests.Card_Th_Is_0x800000000000" type="Nicomputer.PokerBot.UnitTests.Cards.CardUnitTests" method="Card_Th_Is_0x800000000000" time="0.0006408" result="Pass">
        <traits>
          <trait name="Category" value="Card" />
        </traits>
      </test>
      <test name="Nicomputer.PokerBot.UnitTests.Cards.CardUnitTests.Card_2h_Is_0x8000000000" type="Nicomputer.PokerBot.UnitTests.Cards.CardUnitTests" method="Card_2h_Is_0x8000000000" time="0.0005366" result="Pass">
        <traits>
          <trait name="Category" value="Card" />
        </traits>
      </test>
      <test name="Nicomputer.PokerBot.UnitTests.Cards.CardUnitTests.Card_2d_Is_0x2000" type="Nicomputer.PokerBot.UnitTests.Cards.CardUnitTests" method="Card_2d_Is_0x2000" time="0.000567" result="Pass">
        <traits>
          <trait name="Category" value="Card" />
        </traits>
      </test>
      <test name="Nicomputer.PokerBot.UnitTests.Cards.CardUnitTests.CompareCards_Th_Jh" type="Nicomputer.PokerBot.UnitTests.Cards.CardUnitTests" method="CompareCards_Th_Jh" time="0.0005226" result="Pass">
        <traits>
          <trait name="Category" value="Card" />
        </traits>
      </test>
      <test name="Nicomputer.PokerBot.UnitTests.Cards.CardUnitTests.ToString_Jc" type="Nicomputer.PokerBot.UnitTests.Cards.CardUnitTests" method="ToString_Jc" time="0.0005234" result="Pass">
        <traits>
          <trait name="Category" value="Card" />
        </traits>
      </test>
      <test name="Nicomputer.PokerBot.UnitTests.Cards.CardUnitTests.ToString_Qs" type="Nicomputer.PokerBot.UnitTests.Cards.CardUnitTests" method="ToString_Qs" time="0.0004555" result="Pass">
        <traits>
          <trait name="Category" value="Card" />
        </traits>
      </test>
      <test name="Nicomputer.PokerBot.UnitTests.Cards.CardUnitTests.ToString_As" type="Nicomputer.PokerBot.UnitTests.Cards.CardUnitTests" method="ToString_As" time="0.0004803" result="Pass">
        <traits>
          <trait name="Category" value="Card" />
        </traits>
      </test>
      <test name="Nicomputer.PokerBot.UnitTests.Cards.CardUnitTests.Card_As_Is_0x4000000000" type="Nicomputer.PokerBot.UnitTests.Cards.CardUnitTests" method="Card_As_Is_0x4000000000" time="0.0005311" result="Pass">
        <traits>
          <trait name="Category" value="Card" />
        </traits>
      </test>
      <test name="Nicomputer.PokerBot.UnitTests.Cards.CardUnitTests.Card_New_AbsoluteValue_Clubs" type="Nicomputer.PokerBot.UnitTests.Cards.CardUnitTests" method="Card_New_AbsoluteValue_Clubs" time="0.0033522" result="Pass">
        <traits>
          <trait name="Category" value="Card" />
        </traits>
      </test>
      <test name="Nicomputer.PokerBot.UnitTests.Cards.CardUnitTests.Card_2s_Is_0x4000000" type="Nicomputer.PokerBot.UnitTests.Cards.CardUnitTests" method="Card_2s_Is_0x4000000" time="0.0006672" result="Pass">
        <traits>
          <trait name="Category" value="Card" />
        </traits>
      </test>
    </collection>
    <collection total="1" passed="1" failed="0" skipped="0" name="Test collection for Nicomputer.PokerBot.UnitTests.Hands.ThreeOfAKindUnitTests" time="0.005">
      <test name="Nicomputer.PokerBot.UnitTests.Hands.ThreeOfAKindUnitTests.ThreeOfAKindUnitTests_1" type="Nicomputer.PokerBot.UnitTests.Hands.ThreeOfAKindUnitTests" method="ThreeOfAKindUnitTests_1" time="0.0050008" result="Pass" />
    </collection>
    <collection total="1" passed="1" failed="0" skipped="0" name="Test collection for Nicomputer.PokerBot.UnitTests.Hands.FourOfAKindUnitTests" time="0.004">
      <test name="Nicomputer.PokerBot.UnitTests.Hands.FourOfAKindUnitTests.FourOfAKindUnitTests_1" type="Nicomputer.PokerBot.UnitTests.Hands.FourOfAKindUnitTests" method="FourOfAKindUnitTests_1" time="0.0038211" result="Pass" />
    </collection>
  </assembly>
</assemblies>